[demo.artureanec.com/html/cryptoland/demo_5/index.html]
[backblue.gif]
[fade.gif]
[index.html]
[demo.artureanec.com/html/cryptoland/demo_5/img/favicon/favicon.ico]
[demo.artureanec.com/html/cryptoland/demo_5/img/favicon/apple-touch-icon-180x180.png]
[demo.artureanec.com/html/cryptoland/demo_5/css/main.min.css]
[demo.artureanec.com/html/cryptoland/demo_5/img/telegram-link.png]
[demo.artureanec.com/html/cryptoland/demo_5/img/fs-bg-1.png]
[demo.artureanec.com/html/cryptoland/demo_5/img/fs-bg-2.png]
[demo.artureanec.com/html/cryptoland/demo_5/img/fs-round-white.svg]
[demo.artureanec.com/html/cryptoland/demo_5/img/visa.png]
[demo.artureanec.com/html/cryptoland/demo_5/img/mc.png]
[demo.artureanec.com/html/cryptoland/demo_5/img/bitcoin.png]
[demo.artureanec.com/html/cryptoland/demo_5/img/paypal.png]
[demo.artureanec.com/html/cryptoland/demo_5/img/partners-logo-1.png]
[demo.artureanec.com/html/cryptoland/demo_5/img/partners-logo-2.png]
[demo.artureanec.com/html/cryptoland/demo_5/img/partners-logo-3.png]
[demo.artureanec.com/html/cryptoland/demo_5/img/partners-logo-4.png]
[demo.artureanec.com/html/cryptoland/demo_5/img/video-bg.png]
[demo.artureanec.com/html/cryptoland/demo_5/img/about-img-1.png]
[demo.artureanec.com/html/cryptoland/demo_5/img/about-img-2.png]
[demo.artureanec.com/html/cryptoland/demo_5/img/services-icon-1.svg]
[demo.artureanec.com/html/cryptoland/demo_5/img/services-icon-2.svg]
[demo.artureanec.com/html/cryptoland/demo_5/img/services-icon-3.svg]
[demo.artureanec.com/html/cryptoland/demo_5/img/services-icon-4.svg]
[demo.artureanec.com/html/cryptoland/demo_5/img/services-icon-5.svg]
[demo.artureanec.com/html/cryptoland/demo_5/img/services-icon-6.svg]
[demo.artureanec.com/html/cryptoland/demo_5/img/infoblock_bg.png]
[demo.artureanec.com/html/cryptoland/demo_5/img/round-white-lg.svg]
[demo.artureanec.com/html/cryptoland/demo_5/img/figure-1.png]
[demo.artureanec.com/html/cryptoland/demo_5/img/app_bg-2.png]
[demo.artureanec.com/html/cryptoland/demo_5/img/gp.png]
[demo.artureanec.com/html/cryptoland/demo_5/img/as.png]
[demo.artureanec.com/html/cryptoland/demo_5/img/iphone.png]
[demo.artureanec.com/html/cryptoland/demo_5/img/figure-2.png]
[demo.artureanec.com/html/cryptoland/demo_5/img/pr-icon-1.svg]
[demo.artureanec.com/html/cryptoland/demo_5/img/pr-icon-2.svg]
[demo.artureanec.com/html/cryptoland/demo_5/img/pr-icon-3.svg]
[demo.artureanec.com/html/cryptoland/demo_5/img/pr-icon-4.svg]
[demo.artureanec.com/html/cryptoland/demo_5/img/pdf.svg]
[demo.artureanec.com/html/cryptoland/demo_5/img/figure-4.png]
[demo.artureanec.com/html/cryptoland/demo_5/img/team_bg.png]
[demo.artureanec.com/html/cryptoland/demo_5/img/ava1.png]
[demo.artureanec.com/html/cryptoland/demo_5/img/google-plus.svg]
[demo.artureanec.com/html/cryptoland/demo_5/img/ava2.png]
[demo.artureanec.com/html/cryptoland/demo_5/img/ava3.png]
[demo.artureanec.com/html/cryptoland/demo_5/img/ava4.png]
[demo.artureanec.com/html/cryptoland/demo_5/img/ava5.png]
[demo.artureanec.com/html/cryptoland/demo_5/img/ava6.png]
[demo.artureanec.com/html/cryptoland/demo_5/img/ava7.png]
[demo.artureanec.com/html/cryptoland/demo_5/img/ava8.png]
[demo.artureanec.com/html/cryptoland/demo_5/img/ava9.png]
[demo.artureanec.com/html/cryptoland/demo_5/img/ava10.png]
[demo.artureanec.com/html/cryptoland/demo_5/img/ava11.png]
[demo.artureanec.com/html/cryptoland/demo_5/img/ava12.png]
[demo.artureanec.com/html/cryptoland/demo_5/img/figure-5.png]
[demo.artureanec.com/html/cryptoland/demo_5/img/advisor-avatar-1.jpg]
[demo.artureanec.com/html/cryptoland/demo_5/img/advisor-avatar-2.jpg]
[demo.artureanec.com/html/cryptoland/demo_5/img/advisor-avatar-3.jpg]
[demo.artureanec.com/html/cryptoland/demo_5/img/advisor-avatar-4.jpg]
[demo.artureanec.com/html/cryptoland/demo_5/img/figure-6.png]
[demo.artureanec.com/html/cryptoland/demo_5/img/Logo_1.png]
[demo.artureanec.com/html/cryptoland/demo_5/img/Logo_2.png]
[demo.artureanec.com/html/cryptoland/demo_5/img/Logo_3.png]
[demo.artureanec.com/html/cryptoland/demo_5/img/Logo_4.png]
[demo.artureanec.com/html/cryptoland/demo_5/img/Logo_5.png]
[demo.artureanec.com/html/cryptoland/demo_5/img/Logo_6.png]
[demo.artureanec.com/html/cryptoland/demo_5/img/news_bg.png]
[demo.artureanec.com/html/cryptoland/demo_5/img/new-img-1.jpg]
[demo.artureanec.com/html/cryptoland/demo_5/img/new-img-2.jpg]
[demo.artureanec.com/html/cryptoland/demo_5/img/new-img-3.jpg]
[demo.artureanec.com/html/cryptoland/demo_5/img/partners-logo-5.png]
[demo.artureanec.com/html/cryptoland/demo_5/img/getintouch_bg.png]
[ajax.googleapis.com/ajax/libs/jquery/2.2.4/jquery.min.js]
[demo.artureanec.com/html/cryptoland/demo_5/index.html]
[demo.artureanec.com/html/cryptoland/demo_5/path/to/image.html]
[demo.artureanec.com/html/cryptoland/demo_5/js/scripts.min.js]
[demo.artureanec.com/html/cryptoland/demo_5/fonts/Gilroy-Light/Gilroy-Light.eot]
[demo.artureanec.com/html/cryptoland/demo_5/fonts/Gilroy-Light/Gilroy-Lightd41d.eot]
[demo.artureanec.com/html/cryptoland/demo_5/fonts/Gilroy-Light/Gilroy-Light.woff]
[demo.artureanec.com/html/cryptoland/demo_5/fonts/Gilroy-Light/Gilroy-Light.ttf]
[demo.artureanec.com/html/cryptoland/demo_5/fonts/fontello/fontello.eot]
[demo.artureanec.com/html/cryptoland/demo_5/fonts/fontello/fontello.woff]
[demo.artureanec.com/html/cryptoland/demo_5/fonts/fontello/fontello.ttf]
[demo.artureanec.com/html/cryptoland/demo_5/fonts/fontello/fontello.svg]
[demo.artureanec.com/html/cryptoland/demo_5/img/Logog_blue.svg]
[demo.artureanec.com/html/cryptoland/demo_5/img/doc-bg.png]
[demo.artureanec.com/html/cryptoland/demo_5/css/main.min.css]
[demo.artureanec.com/html/cryptoland/demo_5/img/fs-round-blue.svg]
[demo.artureanec.com/html/cryptoland/demo_5/img/fs-round-white.svg]
[demo.artureanec.com/html/cryptoland/demo_5/img/star-gold.svg]
[demo.artureanec.com/html/cryptoland/demo_5/img/star.svg]
[demo.artureanec.com/html/cryptoland/demo_5/img/play.svg]
[demo.artureanec.com/html/cryptoland/demo_5/img/services-icon-1.svg]
[demo.artureanec.com/html/cryptoland/demo_5/img/services-icon-2.svg]
[demo.artureanec.com/html/cryptoland/demo_5/img/services-icon-3.svg]
[demo.artureanec.com/html/cryptoland/demo_5/img/services-icon-4.svg]
[demo.artureanec.com/html/cryptoland/demo_5/img/services-icon-5.svg]
[demo.artureanec.com/html/cryptoland/demo_5/img/services-icon-6.svg]
[demo.artureanec.com/html/cryptoland/demo_5/img/white-round-sm.svg]
[demo.artureanec.com/html/cryptoland/demo_5/img/round-white-lg.svg]
[demo.artureanec.com/html/cryptoland/demo_5/img/pr-icon-1.svg]
[demo.artureanec.com/html/cryptoland/demo_5/img/pr-icon-2.svg]
[demo.artureanec.com/html/cryptoland/demo_5/img/pr-icon-3.svg]
[demo.artureanec.com/html/cryptoland/demo_5/img/pr-icon-4.svg]
[demo.artureanec.com/html/cryptoland/demo_5/img/pdf.svg]
[demo.artureanec.com/html/cryptoland/demo_5/img/facebook.svg]
[demo.artureanec.com/html/cryptoland/demo_5/img/linkedin.svg]
[demo.artureanec.com/html/cryptoland/demo_5/img/google-plus.svg]
[demo.artureanec.com/html/cryptoland/demo_5/img/Logo_white.svg]
[demo.artureanec.com/html/cryptoland/demo_5/js/jquery-2.2.4.min.html]
[demo.artureanec.com/html/cryptoland/demo_5/libs/OwlCarousel/dist/assets/owl.video.play.html]
[demo.artureanec.com/html/cryptoland/demo_5/fonts/fontello/fontello.svg]
[demo.artureanec.com/html/cryptoland/demo_5/img/check.svg]
[demo.artureanec.com/html/cryptoland/demo_5/img/Logog_blue.svg]
[demo.artureanec.com/html/cryptoland/demo_5/img/down-chevron.svg]
[demo.artureanec.com/html/cryptoland/demo_5/img/arr-right.svg]
